// Jest Snapshot v1, https://goo.gl/fbAQLP

exports[`Sign In Screen renders username input 1`] = `
<View
  style={
    Object {
      "alignItems": "center",
      "height": 300,
      "justifyContent": "space-around",
      "marginTop": 50,
    }
  }
>
  <View>
    <Text>
      Please enter your username
    </Text>
    <Text>
      (min 5 characters)
    </Text>
    <TextInput
      allowFontScaling={true}
      autoCapitalize="none"
      autoCorrect={false}
      clearButtonMode="always"
      onChangeText={[Function]}
      placeholder="Username"
      rejectResponderTermination={true}
      style={
        Object {
          "backgroundColor": "rgb(236, 240, 246)",
          "borderColor": "rgb(0, 122, 204)",
          "borderRadius": 5,
          "borderStyle": "solid",
          "borderWidth": 1,
          "height": 30,
          "paddingLeft": 10,
          "width": 200,
        }
      }
      underlineColorAndroid="transparent"
      value=""
    />
  </View>
  <View>
    <Text>
      Please enter your password
    </Text>
    <TextInput
      allowFontScaling={true}
      autoCapitalize="none"
      autoCorrect={false}
      clearButtonMode="always"
      onChangeText={[Function]}
      placeholder="Password"
      rejectResponderTermination={true}
      style={
        Object {
          "backgroundColor": "rgb(236, 240, 246)",
          "borderColor": "rgb(0, 122, 204)",
          "borderRadius": 5,
          "borderStyle": "solid",
          "borderWidth": 1,
          "height": 30,
          "paddingLeft": 10,
          "width": 200,
        }
      }
      underlineColorAndroid="transparent"
      value=""
    />
  </View>
  <View
    accessible={true}
    focusable={false}
    onClick={[Function]}
    onResponderGrant={[Function]}
    onResponderMove={[Function]}
    onResponderRelease={[Function]}
    onResponderTerminate={[Function]}
    onResponderTerminationRequest={[Function]}
    onStartShouldSetResponder={[Function]}
    style={
      Object {
        "alignItems": "center",
        "backgroundColor": "rgb(51, 51, 51)",
        "borderRadius": 5,
        "height": 30,
        "justifyContent": "center",
        "opacity": 1,
        "width": 124,
      }
    }
    testID="button"
  >
    <Text
      style={
        Object {
          "color": "white",
        }
      }
    >
      Sign In
    </Text>
  </View>
</View>
`;
